// Jest Snapshot v1, https://goo.gl/fbAQLP

exports[`Input renders the input 1`] = `
<input
  class="flex h-9 w-full rounded-md border border-gray-300 bg-transparent px-3 py-1 text-base shadow-xs transition-colors file:border-0 file:bg-transparent file:text-sm file:font-medium file:text-foreground placeholder:text-muted-foreground focus-visible:outline-none focus-visible:ring-1 focus-visible:ring-black disabled:cursor-not-allowed disabled:opacity-50 md:text-sm"
  data-testid="input"
/>
`;
