// Jest Snapshot v1, https://goo.gl/fbAQLP

exports[`Loader renders renders the children when not loading 1`] = `
<div
  data-testid="child"
>
  Test
</div>
`;

exports[`Loader renders the loader 1`] = `
<svg
  class="lucide lucide-loader-circle animate-spin h-5 w-5 text-black"
  data-testid="loader"
  fill="none"
  height="24"
  stroke="currentColor"
  stroke-linecap="round"
  stroke-linejoin="round"
  stroke-width="2"
  viewBox="0 0 24 24"
  width="24"
  xmlns="http://www.w3.org/2000/svg"
>
  <path
    d="M21 12a9 9 0 1 1-6.219-8.56"
  />
</svg>
`;
